__tests__/components/ChartErrorBoundary.test.tsx(13,3): error TS2304: Cannot find name 'beforeAll'.
__tests__/components/ChartErrorBoundary.test.tsx(16,3): error TS2304: Cannot find name 'afterAll'.
__tests__/components/ChartErrorBoundary.test.tsx(27,47): error TS2339: Property 'toBeInTheDocument' does not exist on type 'Assertion<HTMLElement>'.
__tests__/components/ChartErrorBoundary.test.tsx(33,10): error TS2786: 'ThrowError' cannot be used as a JSX component.
  Its type '() => void' is not a valid JSX element type.
    Type '() => void' is not assignable to type '(props: any) => ReactNode | Promise<ReactNode>'.
      Type 'void' is not assignable to type 'ReactNode | Promise<ReactNode>'.
__tests__/components/ChartErrorBoundary.test.tsx(37,47): error TS2339: Property 'toBeInTheDocument' does not exist on type 'Assertion<HTMLElement>'.
__tests__/components/ChartErrorBoundary.test.tsx(38,44): error TS2339: Property 'toBeInTheDocument' does not exist on type 'Assertion<HTMLElement>'.
__tests__/components/ChartErrorBoundary.test.tsx(46,10): error TS2786: 'ThrowError' cannot be used as a JSX component.
  Its type '() => void' is not a valid JSX element type.
    Type '() => void' is not assignable to type '(props: any) => ReactNode | Promise<ReactNode>'.
      Type 'void' is not assignable to type 'ReactNode | Promise<ReactNode>'.
__tests__/components/ChartErrorBoundary.test.tsx(50,54): error TS2339: Property 'toBeInTheDocument' does not exist on type 'Assertion<HTMLElement>'.
__tests__/components/ChartErrorBoundary.test.tsx(58,10): error TS2786: 'ThrowError' cannot be used as a JSX component.
  Its type '() => void' is not a valid JSX element type.
    Type '() => void' is not assignable to type '(props: any) => ReactNode | Promise<ReactNode>'.
      Type 'void' is not assignable to type 'ReactNode | Promise<ReactNode>'.
app/(app)/jobs/page.tsx(182,49): error TS18048: 'sc' is possibly 'undefined'.
app/(app)/jobs/page.tsx(182,63): error TS18048: 'sc' is possibly 'undefined'.
app/(app)/jobs/page.tsx(182,86): error TS18048: 'sc' is possibly 'undefined'.
app/(app)/jobs/page.tsx(184,24): error TS18048: 'sc' is possibly 'undefined'.
app/(app)/settings/page.tsx(96,19): error TS2532: Object is possibly 'undefined'.
app/page.tsx(74,11): error TS18048: 'entry' is possibly 'undefined'.
app/page.tsx(84,40): error TS2538: Type 'undefined' cannot be used as an index type.
app/page.tsx(158,11): error TS18048: 'entry' is possibly 'undefined'.
components/dashboard/DataPreview.tsx(41,22): error TS2345: Argument of type 'string | undefined' is not assignable to parameter of type 'SetStateAction<string | null>'.
  Type 'undefined' is not assignable to type 'SetStateAction<string | null>'.
components/dashboard/DataPreview.tsx(79,19): error TS18048: 'rowSource' is possibly 'undefined'.
components/dashboard/DataPreview.tsx(79,54): error TS18048: 'rowSource' is possibly 'undefined'.
components/dashboard/DataPreview.tsx(79,54): error TS2769: No overload matches this call.
  Overload 1 of 2, '(o: {}): string[]', gave the following error.
    Argument of type 'Record<string, unknown> | undefined' is not assignable to parameter of type '{}'.
      Type 'undefined' is not assignable to type '{}'.
  Overload 2 of 2, '(o: object): string[]', gave the following error.
    Argument of type 'Record<string, unknown> | undefined' is not assignable to parameter of type 'object'.
      Type 'undefined' is not assignable to type 'object'.
components/dashboard/DataPreview.tsx(79,86): error TS2532: Object is possibly 'undefined'.
components/dashboard/DataPreview.tsx(79,130): error TS2532: Object is possibly 'undefined'.
components/dashboard/DataPreview.tsx(79,130): error TS2769: No overload matches this call.
  Overload 1 of 2, '(o: {}): string[]', gave the following error.
    Argument of type 'Record<string, unknown> | undefined' is not assignable to parameter of type '{}'.
      Type 'undefined' is not assignable to type '{}'.
  Overload 2 of 2, '(o: object): string[]', gave the following error.
    Argument of type 'Record<string, unknown> | undefined' is not assignable to parameter of type 'object'.
      Type 'undefined' is not assignable to type 'object'.
components/dashboard/DataPreview.tsx(188,18): error TS18048: 'rowSource' is possibly 'undefined'.
components/dashboard/DataPreview.tsx(199,14): error TS18048: 'rowSource' is possibly 'undefined'.
components/dashboard/DomainHeader.tsx(27,3): error TS2322: Type 'string | undefined' is not assignable to type 'string'.
  Type 'undefined' is not assignable to type 'string'.
components/dashboard/InsightView.tsx(70,24): error TS18048: 'config' is possibly 'undefined'.
components/dashboard/InsightView.tsx(81,17): error TS18048: 'config' is possibly 'undefined'.
components/dashboard/InsightView.tsx(94,98): error TS18048: 'config' is possibly 'undefined'.
components/dashboard/InsightView.tsx(94,109): error TS18048: 'config' is possibly 'undefined'.
components/dashboard/InsightView.tsx(95,50): error TS18048: 'config' is possibly 'undefined'.
components/dashboard/InsightView.tsx(96,88): error TS18048: 'config' is possibly 'undefined'.
components/dashboard/InsightView.tsx(97,22): error TS18048: 'config' is possibly 'undefined'.
components/dashboard/InteractiveKPICard.tsx(112,127): error TS18048: 'pConf' is possibly 'undefined'.
components/landing/artifacts/rendering/SubSecondRenderer.tsx(41,27): error TS18048: 'activeLevel' is possibly 'undefined'.
components/landing/artifacts/rendering/SubSecondRenderer.tsx(41,58): error TS18048: 'activeLevel' is possibly 'undefined'.
components/landing/artifacts/rendering/SubSecondRenderer.tsx(47,13): error TS7030: Not all code paths return a value.
components/landing/artifacts/rendering/SubSecondRenderer.tsx(98,80): error TS18048: 'activeLevel' is possibly 'undefined'.
hooks/useJobProgress.ts(63,39): error TS2532: Object is possibly 'undefined'.
lib/chart-colors.ts(32,3): error TS2322: Type 'string | undefined' is not assignable to type 'string'.
  Type 'undefined' is not assignable to type 'string'.
